src/api/mockApi.ts(88,64): error TS2304: Cannot find name 'currentUserRole'.
src/api/mockApi.ts(93,100): error TS2304: Cannot find name 'currentUserRole'.
src/components/SimulationPanel.tsx(20,79): error TS2554: Expected 2-3 arguments, but got 4.
src/components/SimulationPanel.tsx(20,80): error TS7006: Parameter 'log' implicitly has an 'any' type.
